[2026-03-12 23:00:28] INFO     credleak.main      | ============================================================
[2026-03-12 23:00:28] INFO     credleak.main      |   SentinelX Credential Leak Monitor — Full Scan
[2026-03-12 23:00:28] INFO     credleak.main      |   Organization: AcmeCorp (acmecorp.com)
[2026-03-12 23:00:28] INFO     credleak.main      |   Time: 2026-03-12 23:00:28
[2026-03-12 23:00:28] INFO     credleak.main      | ============================================================
[2026-03-12 23:00:28] INFO     credleak.main      | 
--- Scanner 1/4: Breach Email Check ---
[2026-03-12 23:00:28] INFO     credleak.breach_scan | Starting breach email scan...
[2026-03-12 23:00:28] WARNING  credleak.breach_scan |   FOUND [HIGH]: admin@acmecorp.com in CompanyBreach2025 (exposed: email,password,internal_data)
[2026-03-12 23:00:28] WARNING  credleak.breach_scan |   FOUND [MEDIUM]: alex.kumar@acmecorp.com in Twitter2023 (exposed: email,username)
[2026-03-12 23:00:28] WARNING  credleak.breach_scan |   FOUND [HIGH]: emma.davis@acmecorp.com in MyFitnessPal2023 (exposed: email,password)
[2026-03-12 23:00:28] WARNING  credleak.breach_scan |   FOUND [HIGH]: john.smith@acmecorp.com in LinkedIn2024 (exposed: email,password)
[2026-03-12 23:00:28] WARNING  credleak.breach_scan |   FOUND [HIGH]: john.smith@acmecorp.com in Canva2020 (exposed: email,password)
[2026-03-12 23:00:28] WARNING  credleak.breach_scan |   FOUND [HIGH]: lisa.chen@acmecorp.com in Collection1 (exposed: email,password)
[2026-03-12 23:00:28] WARNING  credleak.breach_scan |   FOUND [HIGH]: mike.wilson@acmecorp.com in AdobeHack2023 (exposed: email,password,name)
[2026-03-12 23:00:28] WARNING  credleak.breach_scan |   FOUND [HIGH]: raj.patel@acmecorp.com in Wattpad2021 (exposed: email,password)
[2026-03-12 23:00:28] WARNING  credleak.breach_scan |   FOUND [HIGH]: sarah.jones@acmecorp.com in Dropbox2022 (exposed: email,password)
[2026-03-12 23:00:28] INFO     credleak.breach_scan | Breach scan complete: 9 new findings from 8 employees
[2026-03-12 23:00:28] INFO     credleak.main      | 
--- Scanner 2/4: Password k-Anonymity Check ---
[2026-03-12 23:00:28] INFO     credleak.password_scan | Starting password k-Anonymity scan...
[2026-03-12 23:00:28] DEBUG    credleak.password_scan |   Checking admin@acmecorp.com: SHA1 prefix=57CA8...
[2026-03-12 23:00:28] WARNING  credleak.password_scan |   COMPROMISED [CRITICAL]: admin@acmecorp.com — password found in: CompanyBreach2025 (k-Anon: prefix=57CA8, 1 hashes checked)
[2026-03-12 23:00:28] DEBUG    credleak.password_scan |   Checking alex.kumar@acmecorp.com: SHA1 prefix=6F0B5...
[2026-03-12 23:00:28] DEBUG    credleak.password_scan |   SAFE: alex.kumar@acmecorp.com — password hash not found (0 hashes checked)
[2026-03-12 23:00:28] DEBUG    credleak.password_scan |   Checking emma.davis@acmecorp.com: SHA1 prefix=261CF...
[2026-03-12 23:00:28] DEBUG    credleak.password_scan |   SAFE: emma.davis@acmecorp.com — password hash not found (0 hashes checked)
[2026-03-12 23:00:28] DEBUG    credleak.password_scan |   Checking john.smith@acmecorp.com: SHA1 prefix=63C1B...
[2026-03-12 23:00:28] WARNING  credleak.password_scan |   COMPROMISED [CRITICAL]: john.smith@acmecorp.com — password found in: LinkedIn2024 (k-Anon: prefix=63C1B, 1 hashes checked)
[2026-03-12 23:00:28] DEBUG    credleak.password_scan |   Checking lisa.chen@acmecorp.com: SHA1 prefix=D4F55...
[2026-03-12 23:00:28] WARNING  credleak.password_scan |   COMPROMISED [CRITICAL]: lisa.chen@acmecorp.com — password found in: Collection1 (k-Anon: prefix=D4F55, 1 hashes checked)
[2026-03-12 23:00:28] DEBUG    credleak.password_scan |   Checking mike.wilson@acmecorp.com: SHA1 prefix=076D3...
[2026-03-12 23:00:28] WARNING  credleak.password_scan |   COMPROMISED [CRITICAL]: mike.wilson@acmecorp.com — password found in: AdobeHack2023 (k-Anon: prefix=076D3, 1 hashes checked)
[2026-03-12 23:00:28] DEBUG    credleak.password_scan |   Checking raj.patel@acmecorp.com: SHA1 prefix=B5322...
[2026-03-12 23:00:28] DEBUG    credleak.password_scan |   SAFE: raj.patel@acmecorp.com — password hash not found (0 hashes checked)
[2026-03-12 23:00:28] DEBUG    credleak.password_scan |   Checking sarah.jones@acmecorp.com: SHA1 prefix=2034F...
[2026-03-12 23:00:28] DEBUG    credleak.password_scan |   SAFE: sarah.jones@acmecorp.com — password hash not found (0 hashes checked)
[2026-03-12 23:00:28] INFO     credleak.password_scan | Password scan complete: 4 compromised passwords from 8 employees
[2026-03-12 23:00:28] INFO     credleak.main      | 
--- Scanner 3/4: GitHub Leak Search ---
[2026-03-12 23:00:28] INFO     credleak.github_scan | Starting GitHub leak scan for domain: acmecorp.com...
[2026-03-12 23:00:28] WARNING  credleak.github_scan |   LEAK [HIGH]: devuser42/internal-scripts/deploy/config.yaml — keyword 'password'
         Snippet: db_host: db.acmecorp.com
db_user: admin@acmecorp.com
db_password: "Admin@1234"
db_name: production...
[2026-03-12 23:00:28] WARNING  credleak.github_scan |   LEAK [MEDIUM]: contractor-dev/project-alpha/src/settings.py — keyword 'api_key'
         Snippet: API_KEY = "sk-acme-prod-7f8a9b2c3d"
# AcmeCorp production API
BASE_URL = "https://api.acmecorp.com"...
[2026-03-12 23:00:28] WARNING  credleak.github_scan |   LEAK [HIGH]: newbie-dev99/my-notes/.env.backup — keyword 'secret'
         Snippet: SMTP_USER=admin@acmecorp.com
SMTP_PASS=Admin@1234
SECRET_KEY=acme-super-secret-key-2025...
[2026-03-12 23:00:28] INFO     credleak.github_scan | GitHub scan complete: 3 new leaks found
[2026-03-12 23:00:28] INFO     credleak.main      | 
--- Scanner 4/4: Paste Site Search ---
[2026-03-12 23:00:28] INFO     credleak.paste_scan | Starting paste site scan for domain: acmecorp.com...
[2026-03-12 23:00:28] WARNING  credleak.paste_scan |   LEAK [HIGH]: https://pastebin.com/Ab3xK9z2 — "AcmeCorp Employee Dump 2025"
         Snippet: john.smith@acmecorp.com:Welcome123!
mike.wilson@acmecorp.com:P@ssw0rd!
lisa.chen@acmecorp.com:Qwerty123!...
[2026-03-12 23:00:28] WARNING  credleak.paste_scan |   LEAK [HIGH]: https://paste.ee/p/8kLm2Q — "Corporate email list"
         Snippet: === acmecorp.com emails ===
admin@acmecorp.com
john.smith@acmecorp.com
sarah.jones@acmecorp.com
[SOURCE: internal breach...
[2026-03-12 23:00:28] INFO     credleak.paste_scan | Paste scan complete: 2 new leaks found
[2026-03-12 23:00:28] INFO     credleak.main      | 
============================================================
[2026-03-12 23:00:28] INFO     credleak.main      |   SCAN COMPLETE — 18 new findings:
[2026-03-12 23:00:28] WARNING  credleak.main      |     CRITICAL: 4
[2026-03-12 23:00:28] WARNING  credleak.main      |     HIGH:     12
[2026-03-12 23:00:28] INFO     credleak.main      |     MEDIUM:   2
[2026-03-12 23:00:28] INFO     credleak.main      | ============================================================
[2026-03-12 23:00:28] INFO     credleak.main      | 
18 findings detected (email skipped — --no-email)
